
> k-mate@0.1.0 dev
> next dev

▲ Next.js 16.2.11 (Turbopack)
- Local:         http://localhost:3000
- Network:       http://192.168.0.6:3000
- Environments: .env.local
✓ Ready in 668ms

 GET /premium 200 in 733ms (next.js: 421ms, application-code: 312ms)
 GET /map 200 in 56ms (next.js: 34ms, application-code: 22ms)
 GET /learn/kyuhyun 200 in 503ms (next.js: 443ms, application-code: 60ms)
 GET /chat 200 in 46ms (next.js: 27ms, application-code: 19ms)
 GET /vocab 200 in 69ms (next.js: 51ms, application-code: 18ms)
 GET /me 200 in 44ms (next.js: 26ms, application-code: 17ms)
 GET /vocab 200 in 21ms (next.js: 5ms, application-code: 17ms)
 GET /map 200 in 18ms (next.js: 4ms, application-code: 14ms)
 GET /learn/kyuhyun 200 in 44ms (next.js: 10ms, application-code: 34ms)
 GET /map 200 in 21ms (next.js: 4ms, application-code: 16ms)
 GET /chat 200 in 20ms (next.js: 4ms, application-code: 16ms)
 GET /learn/kyuhyun 200 in 37ms (next.js: 8ms, application-code: 29ms)
 GET /chat 200 in 23ms (next.js: 5ms, application-code: 18ms)
 GET /vocab 200 in 22ms (next.js: 8ms, application-code: 14ms)
 GET /me 200 in 51ms (next.js: 16ms, application-code: 35ms)
 GET /map 200 in 31ms (next.js: 7ms, application-code: 24ms)
 GET /learn/kyuhyun 200 in 57ms (next.js: 13ms, application-code: 44ms)
 GET /chat 200 in 24ms (next.js: 6ms, application-code: 18ms)
 GET /me 200 in 19ms (next.js: 4ms, application-code: 15ms)
 GET /vocab 200 in 22ms (next.js: 6ms, application-code: 16ms)
✓ Compiled in 589ms
✓ Compiled in 70ms
 GET /vocab 200 in 197ms (next.js: 90ms, application-code: 107ms)
 GET /vocab 200 in 59ms (next.js: 6ms, application-code: 53ms)
 GET /vocab 200 in 32ms (next.js: 5ms, application-code: 27ms)
 GET /vocab 200 in 132ms (next.js: 5ms, application-code: 127ms)
 GET /learn/kyuhyun 200 in 95ms (next.js: 38ms, application-code: 57ms)
 GET /me 200 in 103ms (next.js: 74ms, application-code: 29ms)
 GET /premium 200 in 67ms (next.js: 40ms, application-code: 26ms)
 GET /map 200 in 40ms (next.js: 21ms, application-code: 19ms)
 GET /learn/kyuhyun 200 in 56ms (next.js: 10ms, application-code: 45ms)
 GET /chat 200 in 56ms (next.js: 34ms, application-code: 21ms)
 GET /vocab 200 in 20ms (next.js: 4ms, application-code: 16ms)
 GET /me 200 in 23ms (next.js: 5ms, application-code: 18ms)
 GET /chat 200 in 24ms (next.js: 5ms, application-code: 19ms)
 GET /learn/kyuhyun 200 in 55ms (next.js: 10ms, application-code: 46ms)
 GET /me 200 in 20ms (next.js: 4ms, application-code: 16ms)
 GET /chat 200 in 19ms (next.js: 4ms, application-code: 15ms)
 GET /vocab 200 in 20ms (next.js: 4ms, application-code: 16ms)
✓ Compiled in 188ms
 GET /vocab 200 in 214ms (next.js: 97ms, application-code: 117ms)
 GET /vocab 200 in 83ms (next.js: 7ms, application-code: 76ms)
 GET /vocab 200 in 51ms (next.js: 8ms, application-code: 43ms)
 GET /vocab 200 in 51ms (next.js: 28ms, application-code: 24ms)
 GET /vocab 200 in 102ms (next.js: 67ms, application-code: 35ms)
✓ Compiled in 508ms
✓ Compiled in 32ms
 GET /vocab 200 in 253ms (next.js: 106ms, application-code: 147ms)
 GET /vocab 200 in 109ms (next.js: 5ms, application-code: 103ms)
 GET /vocab 200 in 77ms (next.js: 6ms, application-code: 72ms)
 GET /vocab 200 in 78ms (next.js: 26ms, application-code: 52ms)
 GET /vocab 200 in 78ms (next.js: 44ms, application-code: 34ms)
 GET /vocab 200 in 144ms (next.js: 4ms, application-code: 140ms)
 GET /chat 200 in 40ms (next.js: 21ms, application-code: 19ms)
 GET /learn/kyuhyun 200 in 63ms (next.js: 13ms, application-code: 50ms)
 GET /learn/kyuhyun 200 in 4.2s (next.js: 39ms, application-code: 4.2s)
 GET /map 200 in 38ms (next.js: 20ms, application-code: 18ms)
 GET /learn/kyuhyun 200 in 45ms (next.js: 9ms, application-code: 36ms)
 GET /chat 200 in 22ms (next.js: 4ms, application-code: 18ms)
 GET /chat 200 in 50ms (next.js: 4ms, application-code: 45ms)
[browser] Image with src "/characters/haneul.png" was detected as the Largest Contentful Paint (LCP). Please add the `loading="eager"` property if this image is above the fold.
Read more: https://nextjs.org/docs/app/api-reference/components/image#loading
 GET /map 200 in 21ms (next.js: 4ms, application-code: 17ms)
 GET /region/seoul 200 in 503ms (next.js: 474ms, application-code: 29ms)
 GET /diary/kyuhyun 200 in 479ms (next.js: 454ms, application-code: 26ms)
 GET /diary/kyuhyun 200 in 144ms (next.js: 61ms, application-code: 83ms)
 GET /diary/kyuhyun 200 in 86ms (next.js: 4ms, application-code: 82ms)
 GET /diary/kyuhyun 200 in 53ms (next.js: 5ms, application-code: 48ms)
 GET /diary/kyuhyun 200 in 53ms (next.js: 30ms, application-code: 24ms)
✓ Compiled in 91ms
 GET /diary/kyuhyun 200 in 123ms (next.js: 88ms, application-code: 35ms)
 GET /diary/kyuhyun 200 in 113ms (next.js: 10ms, application-code: 103ms)
✓ Compiled in 50ms
 GET /diary/kyuhyun 200 in 116ms (next.js: 77ms, application-code: 39ms)
 GET /diary 200 in 59ms (next.js: 39ms, application-code: 20ms)
 GET /diary/haneul 200 in 28ms (next.js: 9ms, application-code: 19ms)
✓ Compiled in 13ms
 GET /diary/haneul 200 in 100ms (next.js: 66ms, application-code: 34ms)
✓ Compiled in 24ms
 GET /diary/haneul 200 in 100ms (next.js: 66ms, application-code: 34ms)
 GET /diary 200 in 27ms (next.js: 9ms, application-code: 18ms)
 GET /diary/kyuhyun 200 in 27ms (next.js: 9ms, application-code: 18ms)
 GET /diary 200 in 20ms (next.js: 4ms, application-code: 16ms)
 GET /diary/sunwoo 200 in 25ms (next.js: 8ms, application-code: 16ms)
 GET /diary 200 in 18ms (next.js: 4ms, application-code: 14ms)
 GET /diary/sangwoo 200 in 27ms (next.js: 9ms, application-code: 18ms)
 GET /diary 200 in 18ms (next.js: 4ms, application-code: 14ms)
 GET /diary/yongwoo 200 in 28ms (next.js: 9ms, application-code: 19ms)
 GET /diary 200 in 17ms (next.js: 4ms, application-code: 14ms)
 GET /map 200 in 31ms (next.js: 13ms, application-code: 18ms)
 GET /map 200 in 122ms (next.js: 4ms, application-code: 118ms)
 GET /me 200 in 114ms (next.js: 87ms, application-code: 27ms)
 GET /vocab 200 in 95ms (next.js: 63ms, application-code: 31ms)
 GET /chat 200 in 30ms (next.js: 13ms, application-code: 16ms)
 GET /learn/kyuhyun 200 in 70ms (next.js: 24ms, application-code: 46ms)
 GET /map 200 in 19ms (next.js: 3ms, application-code: 15ms)
 GET /vocab 200 in 20ms (next.js: 4ms, application-code: 16ms)
 GET /me 200 in 18ms (next.js: 4ms, application-code: 14ms)
 GET /chat 200 in 21ms (next.js: 3ms, application-code: 18ms)
 GET /map 200 in 17ms (next.js: 3ms, application-code: 14ms)
 GET /chat 200 in 17ms (next.js: 3ms, application-code: 14ms)
✓ Compiled in 169ms
 GET /chat 200 in 271ms (next.js: 80ms, application-code: 191ms)
 GET /chat 200 in 155ms (next.js: 5ms, application-code: 150ms)
 GET /chat 200 in 142ms (next.js: 6ms, application-code: 136ms)
 GET /chat 200 in 142ms (next.js: 31ms, application-code: 111ms)
 GET /chat 200 in 142ms (next.js: 83ms, application-code: 59ms)
 GET /chat 200 in 143ms (next.js: 57ms, application-code: 87ms)
 GET /chat 200 in 169ms (next.js: 6ms, application-code: 163ms)
 GET /chat 200 in 143ms (next.js: 7ms, application-code: 136ms)
 GET /chat 200 in 153ms (next.js: 29ms, application-code: 125ms)
 GET /chat 200 in 154ms (next.js: 54ms, application-code: 100ms)
 GET /chat 200 in 156ms (next.js: 5ms, application-code: 150ms)
 GET /chat 200 in 188ms (next.js: 80ms, application-code: 108ms)
 GET /chat 200 in 85ms (next.js: 9ms, application-code: 76ms)
 GET /chat 200 in 40ms (next.js: 10ms, application-code: 30ms)
✓ Compiled in 117ms
✓ Compiled in 116ms
 GET /chat 200 in 270ms (next.js: 100ms, application-code: 169ms)
 GET /chat 200 in 156ms (next.js: 4ms, application-code: 152ms)
 GET /chat 200 in 132ms (next.js: 6ms, application-code: 127ms)
 GET /chat 200 in 132ms (next.js: 51ms, application-code: 81ms)
 GET /chat 200 in 133ms (next.js: 26ms, application-code: 106ms)
 GET /chat 200 in 159ms (next.js: 72ms, application-code: 86ms)
 GET /chat 200 in 170ms (next.js: 5ms, application-code: 165ms)
 GET /chat 200 in 143ms (next.js: 5ms, application-code: 137ms)
 GET /chat 200 in 114ms (next.js: 5ms, application-code: 109ms)
 GET /chat 200 in 114ms (next.js: 31ms, application-code: 83ms)
 GET /chat 200 in 88ms (next.js: 32ms, application-code: 55ms)
 GET /chat 200 in 61ms (next.js: 34ms, application-code: 28ms)
 GET /vocab 200 in 99ms (next.js: 62ms, application-code: 36ms)
 GET /chat 200 in 19ms (next.js: 4ms, application-code: 15ms)
 GET /learn/kyuhyun 200 in 125ms (next.js: 71ms, application-code: 54ms)
 GET /map 200 in 88ms (next.js: 61ms, application-code: 27ms)
 GET /me 200 in 97ms (next.js: 66ms, application-code: 31ms)
 GET /chat 200 in 22ms (next.js: 4ms, application-code: 18ms)
 GET /learn/kyuhyun 200 in 49ms (next.js: 10ms, application-code: 39ms)
 GET /map 200 in 18ms (next.js: 4ms, application-code: 15ms)
 GET /chat 200 in 18ms (next.js: 3ms, application-code: 15ms)
 GET /vocab 200 in 21ms (next.js: 4ms, application-code: 17ms)
 GET /vocab 200 in 11ms (next.js: 4ms, application-code: 7ms)
 GET /vocab 200 in 16ms (next.js: 3ms, application-code: 13ms)
 GET /chat 200 in 17ms (next.js: 3ms, application-code: 14ms)
 GET /learn/kyuhyun 200 in 39ms (next.js: 8ms, application-code: 31ms)
 GET /chat 200 in 18ms (next.js: 4ms, application-code: 14ms)
 GET /me 200 in 18ms (next.js: 4ms, application-code: 14ms)
 GET /premium 200 in 43ms (next.js: 24ms, application-code: 19ms)
 GET /map 200 in 18ms (next.js: 3ms, application-code: 14ms)
 GET /map 200 in 12ms (next.js: 4ms, application-code: 8ms)
 GET /map 200 in 16ms (next.js: 3ms, application-code: 12ms)
 GET /me 200 in 19ms (next.js: 4ms, application-code: 15ms)
 GET /premium 200 in 20ms (next.js: 3ms, application-code: 16ms)
 GET /map 200 in 16ms (next.js: 3ms, application-code: 13ms)
 GET /vocab 200 in 19ms (next.js: 4ms, application-code: 15ms)
 GET /chat 200 in 19ms (next.js: 4ms, application-code: 15ms)
 GET /chat 200 in 16ms (next.js: 4ms, application-code: 12ms)
 GET /vocab 200 in 16ms (next.js: 3ms, application-code: 13ms)
 GET /vocab 200 in 109ms (next.js: 4ms, application-code: 105ms)
 GET /map 200 in 31ms (next.js: 4ms, application-code: 27ms)
 GET /me 200 in 20ms (next.js: 5ms, application-code: 14ms)
 GET /map 200 in 22ms (next.js: 4ms, application-code: 18ms)
 GET /learn/kyuhyun 200 in 43ms (next.js: 8ms, application-code: 35ms)
 GET /chat 200 in 18ms (next.js: 4ms, application-code: 14ms)
 GET /vocab 200 in 20ms (next.js: 4ms, application-code: 15ms)
